../Core/Src/ESP.c:179:13:ESP_Send	16	static
../Core/Src/ESP.c:192:13:ESP_Receive.constprop	24	static
../Core/Src/ESP.c:97:6:forceNTPupdate	0	static
../Core/Src/ESP.c:101:6:setESPTimeStamp	8	static
../Core/Src/ESP.c:107:6:setCharges	8	static
../Core/Src/ESP.c:111:6:checkEEprom	8	static
../Core/Src/ESP.c:122:6:checkName	8	static
../Core/Src/ESP.c:133:6:ESP_GetHT	0	static
../Core/Src/ESP.c:137:6:setMeasurement	0	static
../Core/Src/ESP.c:142:6:setMic	0	static
../Core/Src/ESP.c:146:6:setPMs	16	static
../Core/Src/ESP.c:151:6:SetConfigMode	0	static
../Core/Src/ESP.c:167:6:ESP_GetUID	8	static
../Core/Src/ESP.c:172:6:ESP_Init	8	static
../Core/Src/ESP.c:213:6:HAL_UART_ErrorCallback	8	static
../Core/Src/ESP.c:222:6:uint8ArrayToString	16	static
../Core/Src/ESP.c:229:10:CreateMessage	48	static
../Core/Src/ESP.c:341:6:StartProg	16	static
../Core/Src/ESP.c:353:10:ParseBuffer	360	static
../Core/Src/ESP.c:428:6:PollAwake	8	static
../Core/Src/ESP.c:438:6:RFPower	8	static
../Core/Src/ESP.c:448:6:CheckRFPower	8	static
../Core/Src/ESP.c:459:6:ATRestore	8	static
../Core/Src/ESP.c:469:6:CWINIT	8	static
../Core/Src/ESP.c:479:6:CWMODE1	8	static
../Core/Src/ESP.c:489:6:CWMODE2	8	static
../Core/Src/ESP.c:499:6:CWAUTOCONN	8	static
../Core/Src/ESP.c:509:6:CWJAP	120	dynamic
../Core/Src/ESP.c:526:6:CWMODE3	8	static
../Core/Src/ESP.c:536:6:CWSTATE	8	static
../Core/Src/ESP.c:546:6:CWSAP	8	static
../Core/Src/ESP.c:556:6:CIPMUX	8	static
../Core/Src/ESP.c:567:6:WEBSERVER	8	static
../Core/Src/ESP.c:578:6:HTTPCPOST	280	static
../Core/Src/ESP.c:600:6:SENDDATA	8	static
../Core/Src/ESP.c:609:6:SLEEP	8	static
../Core/Src/ESP.c:619:6:CIPSNTPCFG	8	static
../Core/Src/ESP.c:630:6:CIPSNTPTIME	8	static
../Core/Src/ESP.c:640:6:CIPSNTPINTV	8	static
../Core/Src/ESP.c:651:16:DMA_ProcessBuffer	48	static
../Core/Src/ESP.c:709:6:clearDMABuffer	8	static
../Core/Src/ESP.c:713:6:ATCompare	0	static
../Core/Src/ESP.c:730:6:AT_Send	16	static
../Core/Src/ESP.c:853:6:ESP_WakeTest	32	static
../Core/Src/ESP.c:946:12:ESP_Upkeep	48	static
