../Core/Src/measurement.c:69:13:PM_StartMeasurementWrapper	0	static
../Core/Src/measurement.c:72:13:PM_IsMeasurementDoneWrapper	0	static
../Core/Src/measurement.c:65:13:VOC_IsMeasurementDoneWrapper	8	static
../Core/Src/measurement.c:61:13:VOC_StartMeasurementWrapper	8	static
../Core/Src/measurement.c:57:13:HT_IsMeasurementDoneWrapper	8	static
../Core/Src/measurement.c:53:13:HT_StartMeasurementWrapper	8	static
../Core/Src/measurement.c:80:6:MIC_IsTestMeasurementDoneWrapper	8	static
../Core/Src/measurement.c:83:6:setMeasStamp	8	static
../Core/Src/measurement.c:87:6:testInit	0	static
../Core/Src/measurement.c:93:6:Meas_Init	16	static
../Core/Src/measurement.c:140:6:StartMeasurements	8	static
../Core/Src/measurement.c:148:6:Meas_Test	8	static
../Core/Src/measurement.c:171:6:ResetMeasurements	0	static
../Core/Src/measurement.c:181:6:MeasurementsCompleted	16	static
../Core/Src/measurement.c:195:17:Mic_Upkeep	32	static
../Core/Src/measurement.c:264:18:Meas_Upkeep	40	static
../Core/Src/measurement.c:331:7:getTemperature	0	static
../Core/Src/measurement.c:336:7:getHumidity	0	static
../Core/Src/measurement.c:341:6:Meas_SetEnabledSensors	16	static
../Core/Src/measurement.c:359:6:SetESPMeasurementDone	0	static
../Core/Src/measurement.c:363:6:Meas_DeInit	8	static
