../Core/Src/RealTimeClock.c:72:9:aBuff2int	24	static
../Core/Src/RealTimeClock.c:126:6:RTC_SetTime	8	static
../Core/Src/RealTimeClock.c:138:6:RTC_SetDate	8	static
../Core/Src/RealTimeClock.c:146:6:RTC_GetTime	16	static
../Core/Src/RealTimeClock.c:155:9:RTC_GetWeekday	32	static
../Core/Src/RealTimeClock.c:188:6:RTC_SetAlarm	56	static
../Core/Src/RealTimeClock.c:221:6:RTC_SetWakeUpTimer	16	static
../Core/Src/RealTimeClock.c:239:6:Enter_Standby_Mode	8	static
../Core/Src/RealTimeClock.c:294:6:InitClock	0	static
../Core/Src/RealTimeClock.c:306:10:makeTime	40	static
../Core/Src/RealTimeClock.c:41:6:setBootTime	32	static
../Core/Src/RealTimeClock.c:101:6:ParseTime	48	static
../Core/Src/RealTimeClock.c:50:6:UpdateSystemUptime	40	static
../Core/Src/RealTimeClock.c:31:6:showTime	80	static
../Core/Src/RealTimeClock.c:162:10:getPosixTime	32	static
../Core/Src/RealTimeClock.c:180:6:RTCTimestampIsReached	8	static
../Core/Src/RealTimeClock.c:337:6:breakPosixTime	32	static
../Core/Src/RealTimeClock.c:169:6:getUTCfromPosixTime	64	static
../Core/Src/RealTimeClock.c:254:6:Enter_Stop_Mode	40	static
