../Core/Src/sen5x.c:32:6:reset_sen5xDataValid	0	static
../Core/Src/sen5x.c:35:6:setsen5xReadTimer	8	static
../Core/Src/sen5x.c:39:6:enable_sen5x	8	static
../Core/Src/sen5x.c:53:6:sen5x_Power_On	8	static
../Core/Src/sen5x.c:61:6:sen5x_Power_Off	8	static
../Core/Src/sen5x.c:68:6:reset_fanCleaningDone	0	static
../Core/Src/sen5x.c:72:9:probe_sen5x	112	static
../Core/Src/sen5x.c:156:9:sen5x_lightup_measurement	8	static
../Core/Src/sen5x.c:167:9:sen5x_extinguish_measurement	8	static
../Core/Src/sen5x.c:178:9:sen5x_read_measurement	64	static
../Core/Src/sen5x.c:209:9:sen5x_measurement	16	static
../Core/Src/sen5x.c:244:6:sensirion_i2c_hal_free	8	static
../Core/Src/sen5x.c:260:8:sensirion_i2c_hal_read	16	static
../Core/Src/sen5x.c:276:8:sensirion_i2c_hal_write	16	static
../Core/Src/sen5x.c:287:6:sensirion_i2c_hal_sleep_usec	16	static
../Core/Src/sen5x.c:295:6:sen5x_check_for_errors	16	static
../Core/Src/sen5x.c:327:6:set_light_on_state	8	static
../Core/Src/sen5x.c:336:14:sen5x_statemachine	32	static
