../Core/Src/sgp40.c:209:16:CalculateCRC.constprop	12	static
../Core/Src/sgp40.c:192:13:CheckCRC.constprop	32	static
../Core/Src/sgp40.c:67:13:WriteRegister.constprop	8	static
../Core/Src/sgp40.c:61:13:ReadRegister.constprop	8	static
../Core/Src/sgp40.c:73:6:SGP_Init	8	static
../Core/Src/sgp40.c:79:6:SGP_StartMeasurement	8	static
../Core/Src/sgp40.c:102:6:SGP_TurnHeaterOff	8	static
../Core/Src/sgp40.c:107:6:SGP_GetMeasurementValues	56	static
../Core/Src/sgp40.c:182:6:SGP_DeviceConnected	16	static
../Core/Src/sgp40.c:230:6:SGP_GetHT	24	static
../Core/Src/sgp40.c:244:6:SGP_StartSelfTest	8	static
../Core/Src/sgp40.c:259:6:SGP_SelfTestDone	8	static
../Core/Src/sgp40.c:268:6:SGP_SelfTestSuccessful	8	static
../Core/Src/sgp40.c:290:6:SGP_SoftReset	8	static
