../Core/Src/statusCheck.c:20:6:InitDone	0	static
../Core/Src/statusCheck.c:39:16:batteryChargeCheck	24	static
../Core/Src/statusCheck.c:57:6:SetStatusLED	0	static
../Core/Src/statusCheck.c:65:6:SetDBLED	16	static
../Core/Src/statusCheck.c:74:6:SetVocLED	0	static
../Core/Src/statusCheck.c:81:6:SetMeasurementIndicator	0	static
../Core/Src/statusCheck.c:86:6:ResetMeasurementIndicator	0	static
../Core/Src/statusCheck.c:91:6:SetMICIndicator	0	static
../Core/Src/statusCheck.c:96:6:ResetMICIndicator	0	static
../Core/Src/statusCheck.c:101:6:SetESPIndicator	0	static
../Core/Src/statusCheck.c:106:6:ResetESPIndicator	0	static
../Core/Src/statusCheck.c:113:6:SetLEDsOff	8	static
../Core/Src/statusCheck.c:120:16:powerCheck	8	static
../Core/Src/statusCheck.c:131:6:powerDisplay	8	static
../Core/Src/statusCheck.c:149:6:configCheck	16	static
../Core/Src/statusCheck.c:181:6:GoToSleep	8	static
../Core/Src/statusCheck.c:192:6:Status_Upkeep	8	static
../Core/Src/statusCheck.c:196:16:Battery_Upkeep	8	static
../Core/Src/statusCheck.c:203:6:setuserToggle	8	static
