../Core/Src/ESP.c:87:6:forceNTPupdate	8	static
../Core/Src/ESP.c:90:6:setCharges	8	static
../Core/Src/ESP.c:94:6:checkEEprom	16	static
../Core/Src/ESP.c:105:6:checkName	16	static
../Core/Src/ESP.c:116:6:ESP_GetHT	16	static
../Core/Src/ESP.c:120:6:setMeasurement	24	static
../Core/Src/ESP.c:125:6:setMic	16	static
../Core/Src/ESP.c:129:6:setPMs	16	static
../Core/Src/ESP.c:134:6:SetConfigMode	8	static
../Core/Src/ESP.c:156:6:ESP_GetUID	8	static
../Core/Src/ESP.c:161:6:ESP_Init	16	static
../Core/Src/ESP.c:168:13:ESP_Send	32	static
../Core/Src/ESP.c:181:13:ESP_Receive	32	static
../Core/Src/ESP.c:202:6:HAL_UART_ErrorCallback	16	static
../Core/Src/ESP.c:209:6:uint8ArrayToString	24	static
../Core/Src/ESP.c:216:10:CreateMessage	56	static
../Core/Src/ESP.c:300:6:StartProg	8	static
../Core/Src/ESP.c:312:10:ParseBuffer	376	static
../Core/Src/ESP.c:387:6:PollAwake	16	static
../Core/Src/ESP.c:397:6:RFPower	16	static
../Core/Src/ESP.c:407:6:CheckRFPower	16	static
../Core/Src/ESP.c:418:6:ATRestore	16	static
../Core/Src/ESP.c:428:6:CWINIT	16	static
../Core/Src/ESP.c:438:6:CWMODE1	16	static
../Core/Src/ESP.c:448:6:CWMODE2	16	static
../Core/Src/ESP.c:458:6:CWAUTOCONN	16	static
../Core/Src/ESP.c:468:6:CWJAP	160	dynamic
../Core/Src/ESP.c:485:6:CWMODE3	16	static
../Core/Src/ESP.c:495:6:CWSTATE	16	static
../Core/Src/ESP.c:505:6:CWSAP	16	static
../Core/Src/ESP.c:515:6:CIPMUX	16	static
../Core/Src/ESP.c:526:6:WEBSERVER	16	static
../Core/Src/ESP.c:537:6:HTTPCPOST	288	static
../Core/Src/ESP.c:559:6:SENDDATA	16	static
../Core/Src/ESP.c:568:6:SLEEP	16	static
../Core/Src/ESP.c:578:6:CIPSNTPCFG	16	static
../Core/Src/ESP.c:589:6:CIPSNTPTIME	16	static
../Core/Src/ESP.c:599:6:CIPSNTPINTV	16	static
../Core/Src/ESP.c:610:16:DMA_ProcessBuffer	40	static
../Core/Src/ESP.c:668:6:clearDMABuffer	8	static
../Core/Src/ESP.c:672:6:ATCompare	24	static
../Core/Src/ESP.c:689:6:AT_Send	32	static
../Core/Src/ESP.c:812:6:ESP_WakeTest	24	static
../Core/Src/ESP.c:905:12:ESP_Upkeep	40	static
