../Core/Src/ESP.c:84:6:setCharges	8	static
../Core/Src/ESP.c:88:6:checkEEprom	16	static
../Core/Src/ESP.c:99:6:checkName	16	static
../Core/Src/ESP.c:110:6:ESP_GetHT	16	static
../Core/Src/ESP.c:114:6:setMeasurement	24	static
../Core/Src/ESP.c:119:6:setMic	16	static
../Core/Src/ESP.c:123:6:SetConfigMode	8	static
../Core/Src/ESP.c:145:6:ESP_GetUID	8	static
../Core/Src/ESP.c:150:6:ESP_Init	16	static
../Core/Src/ESP.c:157:13:ESP_Send	32	static
../Core/Src/ESP.c:166:13:ESP_Receive	32	static
../Core/Src/ESP.c:187:6:HAL_UART_ErrorCallback	16	static
../Core/Src/ESP.c:194:6:uint8ArrayToString	24	static
../Core/Src/ESP.c:201:10:CreateMessage	56	static
../Core/Src/ESP.c:272:6:StartProg	8	static
../Core/Src/ESP.c:284:10:ParseBuffer	368	static
../Core/Src/ESP.c:353:6:PollAwake	16	static
../Core/Src/ESP.c:363:6:RFPower	16	static
../Core/Src/ESP.c:373:6:CheckRFPower	16	static
../Core/Src/ESP.c:384:6:ATRestore	16	static
../Core/Src/ESP.c:394:6:CWINIT	16	static
../Core/Src/ESP.c:404:6:CWMODE1	16	static
../Core/Src/ESP.c:414:6:CWMODE2	16	static
../Core/Src/ESP.c:424:6:CWAUTOCONN	16	static
../Core/Src/ESP.c:434:6:CWJAP	160	dynamic
../Core/Src/ESP.c:451:6:CWMODE3	16	static
../Core/Src/ESP.c:461:6:CWSTATE	16	static
../Core/Src/ESP.c:471:6:CWSAP	16	static
../Core/Src/ESP.c:481:6:CIPMUX	16	static
../Core/Src/ESP.c:492:6:WEBSERVER	16	static
../Core/Src/ESP.c:503:6:HTTPCPOST	288	static
../Core/Src/ESP.c:525:6:SENDDATA	16	static
../Core/Src/ESP.c:534:6:SLEEP	16	static
../Core/Src/ESP.c:544:6:CIPSNTPCFG	16	static
../Core/Src/ESP.c:555:6:CIPSNTPTIME	16	static
../Core/Src/ESP.c:565:6:CIPSNTPINTV	16	static
../Core/Src/ESP.c:576:16:DMA_ProcessBuffer	32	static
../Core/Src/ESP.c:634:6:clearDMABuffer	8	static
../Core/Src/ESP.c:638:6:ATCompare	24	static
../Core/Src/ESP.c:655:6:AT_Send	32	static
../Core/Src/ESP.c:778:6:ESP_WakeTest	24	static
../Core/Src/ESP.c:871:12:ESP_Upkeep	32	static
