../Core/Src/ESP.c:95:6:forceNTPupdate	8	static
../Core/Src/ESP.c:99:6:setESPTimeStamp	16	static
../Core/Src/ESP.c:105:6:setCharges	8	static
../Core/Src/ESP.c:109:6:checkEEprom	16	static
../Core/Src/ESP.c:120:6:checkName	16	static
../Core/Src/ESP.c:131:6:ESP_GetHT	16	static
../Core/Src/ESP.c:135:6:setMeasurement	24	static
../Core/Src/ESP.c:140:6:setMic	16	static
../Core/Src/ESP.c:144:6:setPMs	16	static
../Core/Src/ESP.c:149:6:SetConfigMode	8	static
../Core/Src/ESP.c:165:6:ESP_GetUID	8	static
../Core/Src/ESP.c:170:6:ESP_Init	16	static
../Core/Src/ESP.c:177:13:ESP_Send	32	static
../Core/Src/ESP.c:190:13:ESP_Receive	32	static
../Core/Src/ESP.c:211:6:HAL_UART_ErrorCallback	16	static
../Core/Src/ESP.c:220:6:uint8ArrayToString	24	static
../Core/Src/ESP.c:227:10:CreateMessage	56	static
../Core/Src/ESP.c:339:6:StartProg	8	static
../Core/Src/ESP.c:351:10:ParseBuffer	376	static
../Core/Src/ESP.c:426:6:PollAwake	16	static
../Core/Src/ESP.c:436:6:RFPower	16	static
../Core/Src/ESP.c:446:6:CheckRFPower	16	static
../Core/Src/ESP.c:457:6:ATRestore	16	static
../Core/Src/ESP.c:467:6:CWINIT	16	static
../Core/Src/ESP.c:477:6:CWMODE1	16	static
../Core/Src/ESP.c:487:6:CWMODE2	16	static
../Core/Src/ESP.c:497:6:CWAUTOCONN	16	static
../Core/Src/ESP.c:507:6:CWJAP	160	dynamic
../Core/Src/ESP.c:524:6:CWMODE3	16	static
../Core/Src/ESP.c:534:6:CWSTATE	16	static
../Core/Src/ESP.c:544:6:CWSAP	16	static
../Core/Src/ESP.c:554:6:CIPMUX	16	static
../Core/Src/ESP.c:565:6:WEBSERVER	16	static
../Core/Src/ESP.c:576:6:HTTPCPOST	288	static
../Core/Src/ESP.c:598:6:SENDDATA	16	static
../Core/Src/ESP.c:607:6:SLEEP	16	static
../Core/Src/ESP.c:617:6:CIPSNTPCFG	16	static
../Core/Src/ESP.c:628:6:CIPSNTPTIME	16	static
../Core/Src/ESP.c:638:6:CIPSNTPINTV	16	static
../Core/Src/ESP.c:649:16:DMA_ProcessBuffer	40	static
../Core/Src/ESP.c:707:6:clearDMABuffer	8	static
../Core/Src/ESP.c:711:6:ATCompare	24	static
../Core/Src/ESP.c:728:6:AT_Send	32	static
../Core/Src/ESP.c:851:6:ESP_WakeTest	24	static
../Core/Src/ESP.c:944:12:ESP_Upkeep	40	static
