../Core/Src/ESP.c:84:6:forceNTPupdate	8	static
../Core/Src/ESP.c:87:6:setCharges	8	static
../Core/Src/ESP.c:91:6:checkEEprom	16	static
../Core/Src/ESP.c:102:6:checkName	16	static
../Core/Src/ESP.c:113:6:ESP_GetHT	16	static
../Core/Src/ESP.c:117:6:setMeasurement	24	static
../Core/Src/ESP.c:122:6:setMic	16	static
../Core/Src/ESP.c:126:6:SetConfigMode	8	static
../Core/Src/ESP.c:148:6:ESP_GetUID	8	static
../Core/Src/ESP.c:153:6:ESP_Init	16	static
../Core/Src/ESP.c:160:13:ESP_Send	32	static
../Core/Src/ESP.c:169:13:ESP_Receive	32	static
../Core/Src/ESP.c:190:6:HAL_UART_ErrorCallback	16	static
../Core/Src/ESP.c:197:6:uint8ArrayToString	24	static
../Core/Src/ESP.c:204:10:CreateMessage	56	static
../Core/Src/ESP.c:275:6:StartProg	8	static
../Core/Src/ESP.c:287:10:ParseBuffer	376	static
../Core/Src/ESP.c:358:6:PollAwake	16	static
../Core/Src/ESP.c:368:6:RFPower	16	static
../Core/Src/ESP.c:378:6:CheckRFPower	16	static
../Core/Src/ESP.c:389:6:ATRestore	16	static
../Core/Src/ESP.c:399:6:CWINIT	16	static
../Core/Src/ESP.c:409:6:CWMODE1	16	static
../Core/Src/ESP.c:419:6:CWMODE2	16	static
../Core/Src/ESP.c:429:6:CWAUTOCONN	16	static
../Core/Src/ESP.c:439:6:CWJAP	160	dynamic
../Core/Src/ESP.c:456:6:CWMODE3	16	static
../Core/Src/ESP.c:466:6:CWSTATE	16	static
../Core/Src/ESP.c:476:6:CWSAP	16	static
../Core/Src/ESP.c:486:6:CIPMUX	16	static
../Core/Src/ESP.c:497:6:WEBSERVER	16	static
../Core/Src/ESP.c:508:6:HTTPCPOST	288	static
../Core/Src/ESP.c:530:6:SENDDATA	16	static
../Core/Src/ESP.c:539:6:SLEEP	16	static
../Core/Src/ESP.c:549:6:CIPSNTPCFG	16	static
../Core/Src/ESP.c:560:6:CIPSNTPTIME	16	static
../Core/Src/ESP.c:570:6:CIPSNTPINTV	16	static
../Core/Src/ESP.c:581:16:DMA_ProcessBuffer	32	static
../Core/Src/ESP.c:639:6:clearDMABuffer	8	static
../Core/Src/ESP.c:643:6:ATCompare	24	static
../Core/Src/ESP.c:660:6:AT_Send	32	static
../Core/Src/ESP.c:783:6:ESP_WakeTest	24	static
../Core/Src/ESP.c:876:12:ESP_Upkeep	32	static
