../Core/Src/ESP.c:78:6:setCharges	8	static
../Core/Src/ESP.c:82:6:checkEEprom	16	static
../Core/Src/ESP.c:93:6:checkName	16	static
../Core/Src/ESP.c:104:6:ESP_GetHT	16	static
../Core/Src/ESP.c:108:6:setMeasurement	24	static
../Core/Src/ESP.c:113:6:setMic	16	static
../Core/Src/ESP.c:117:6:SetConfigMode	8	static
../Core/Src/ESP.c:139:6:ESP_GetUID	8	static
../Core/Src/ESP.c:144:6:ESP_Init	16	static
../Core/Src/ESP.c:151:13:ESP_Send	32	static
../Core/Src/ESP.c:159:13:ESP_Receive	32	static
../Core/Src/ESP.c:183:6:HAL_UART_ErrorCallback	16	static
../Core/Src/ESP.c:191:6:uint8ArrayToString	24	static
../Core/Src/ESP.c:198:10:CreateMessage	56	static
../Core/Src/ESP.c:269:6:StartProg	8	static
../Core/Src/ESP.c:281:10:ParseBuffer	344	static
../Core/Src/ESP.c:331:6:PollAwake	16	static
../Core/Src/ESP.c:341:6:RFPower	16	static
../Core/Src/ESP.c:351:6:CheckRFPower	16	static
../Core/Src/ESP.c:362:6:ATRestore	16	static
../Core/Src/ESP.c:372:6:CWINIT	16	static
../Core/Src/ESP.c:382:6:CWMODE1	16	static
../Core/Src/ESP.c:392:6:CWMODE2	16	static
../Core/Src/ESP.c:402:6:CWAUTOCONN	16	static
../Core/Src/ESP.c:412:6:CWJAP	160	dynamic
../Core/Src/ESP.c:429:6:CWMODE3	16	static
../Core/Src/ESP.c:439:6:CWSTATE	16	static
../Core/Src/ESP.c:449:6:CWSAP	16	static
../Core/Src/ESP.c:459:6:CIPMUX	16	static
../Core/Src/ESP.c:470:6:WEBSERVER	16	static
../Core/Src/ESP.c:481:6:HTTPCPOST	288	static
../Core/Src/ESP.c:503:6:SENDDATA	16	static
../Core/Src/ESP.c:513:6:SLEEP	16	static
../Core/Src/ESP.c:524:16:DMA_ProcessBuffer	32	static
../Core/Src/ESP.c:581:6:clearDMABuffer	8	static
../Core/Src/ESP.c:585:6:ATCompare	24	static
../Core/Src/ESP.c:599:6:AT_Send	32	static
../Core/Src/ESP.c:712:6:ESP_WakeTest	24	static
../Core/Src/ESP.c:805:12:ESP_Upkeep	24	static
