../Core/Src/ESP.c:88:6:forceNTPupdate	8	static
../Core/Src/ESP.c:91:6:setCharges	8	static
../Core/Src/ESP.c:95:6:checkEEprom	16	static
../Core/Src/ESP.c:106:6:checkName	16	static
../Core/Src/ESP.c:117:6:ESP_GetHT	16	static
../Core/Src/ESP.c:121:6:setMeasurement	24	static
../Core/Src/ESP.c:126:6:setMic	16	static
../Core/Src/ESP.c:130:6:setPMs	16	static
../Core/Src/ESP.c:135:6:SetConfigMode	8	static
../Core/Src/ESP.c:157:6:ESP_GetUID	8	static
../Core/Src/ESP.c:162:6:ESP_Init	16	static
../Core/Src/ESP.c:169:13:ESP_Send	32	static
../Core/Src/ESP.c:182:13:ESP_Receive	32	static
../Core/Src/ESP.c:203:6:HAL_UART_ErrorCallback	16	static
../Core/Src/ESP.c:210:6:uint8ArrayToString	24	static
../Core/Src/ESP.c:217:10:CreateMessage	56	static
../Core/Src/ESP.c:329:6:StartProg	8	static
../Core/Src/ESP.c:341:10:ParseBuffer	376	static
../Core/Src/ESP.c:416:6:PollAwake	16	static
../Core/Src/ESP.c:426:6:RFPower	16	static
../Core/Src/ESP.c:436:6:CheckRFPower	16	static
../Core/Src/ESP.c:447:6:ATRestore	16	static
../Core/Src/ESP.c:457:6:CWINIT	16	static
../Core/Src/ESP.c:467:6:CWMODE1	16	static
../Core/Src/ESP.c:477:6:CWMODE2	16	static
../Core/Src/ESP.c:487:6:CWAUTOCONN	16	static
../Core/Src/ESP.c:497:6:CWJAP	160	dynamic
../Core/Src/ESP.c:514:6:CWMODE3	16	static
../Core/Src/ESP.c:524:6:CWSTATE	16	static
../Core/Src/ESP.c:534:6:CWSAP	16	static
../Core/Src/ESP.c:544:6:CIPMUX	16	static
../Core/Src/ESP.c:555:6:WEBSERVER	16	static
../Core/Src/ESP.c:566:6:HTTPCPOST	288	static
../Core/Src/ESP.c:588:6:SENDDATA	16	static
../Core/Src/ESP.c:597:6:SLEEP	16	static
../Core/Src/ESP.c:607:6:CIPSNTPCFG	16	static
../Core/Src/ESP.c:618:6:CIPSNTPTIME	16	static
../Core/Src/ESP.c:628:6:CIPSNTPINTV	16	static
../Core/Src/ESP.c:639:16:DMA_ProcessBuffer	40	static
../Core/Src/ESP.c:697:6:clearDMABuffer	8	static
../Core/Src/ESP.c:701:6:ATCompare	24	static
../Core/Src/ESP.c:718:6:AT_Send	32	static
../Core/Src/ESP.c:841:6:ESP_WakeTest	24	static
../Core/Src/ESP.c:934:12:ESP_Upkeep	40	static
