../Core/Src/ESP.c:98:6:forceNTPupdate	8	static
../Core/Src/ESP.c:102:6:setESPTimeStamp	16	static
../Core/Src/ESP.c:108:6:setCharges	8	static
../Core/Src/ESP.c:112:6:checkEEprom	16	static
../Core/Src/ESP.c:123:6:checkName	16	static
../Core/Src/ESP.c:134:6:ESP_GetHT	16	static
../Core/Src/ESP.c:138:6:setMeasurement	24	static
../Core/Src/ESP.c:143:6:setMic	16	static
../Core/Src/ESP.c:147:6:setPMs	16	static
../Core/Src/ESP.c:152:6:SetConfigMode	8	static
../Core/Src/ESP.c:168:6:ESP_GetUID	8	static
../Core/Src/ESP.c:173:6:ESP_Init	16	static
../Core/Src/ESP.c:180:13:ESP_Send	32	static
../Core/Src/ESP.c:193:13:ESP_Receive	32	static
../Core/Src/ESP.c:214:6:HAL_UART_ErrorCallback	16	static
../Core/Src/ESP.c:223:6:uint8ArrayToString	24	static
../Core/Src/ESP.c:230:10:CreateMessage	56	static
../Core/Src/ESP.c:342:6:StartProg	8	static
../Core/Src/ESP.c:354:10:ParseBuffer	376	static
../Core/Src/ESP.c:429:6:PollAwake	16	static
../Core/Src/ESP.c:439:6:RFPower	16	static
../Core/Src/ESP.c:449:6:CheckRFPower	16	static
../Core/Src/ESP.c:460:6:ATRestore	16	static
../Core/Src/ESP.c:470:6:CWINIT	16	static
../Core/Src/ESP.c:480:6:CWMODE1	16	static
../Core/Src/ESP.c:490:6:CWMODE2	16	static
../Core/Src/ESP.c:500:6:CWAUTOCONN	16	static
../Core/Src/ESP.c:510:6:CWJAP	160	dynamic
../Core/Src/ESP.c:527:6:CWMODE3	16	static
../Core/Src/ESP.c:537:6:CWSTATE	16	static
../Core/Src/ESP.c:547:6:CWSAP	16	static
../Core/Src/ESP.c:557:6:CIPMUX	16	static
../Core/Src/ESP.c:568:6:WEBSERVER	16	static
../Core/Src/ESP.c:579:6:HTTPCPOST	288	static
../Core/Src/ESP.c:601:6:SENDDATA	16	static
../Core/Src/ESP.c:610:6:SLEEP	16	static
../Core/Src/ESP.c:620:6:CIPSNTPCFG	16	static
../Core/Src/ESP.c:631:6:CIPSNTPTIME	16	static
../Core/Src/ESP.c:641:6:CIPSNTPINTV	16	static
../Core/Src/ESP.c:652:16:DMA_ProcessBuffer	40	static
../Core/Src/ESP.c:710:6:clearDMABuffer	8	static
../Core/Src/ESP.c:714:6:ATCompare	24	static
../Core/Src/ESP.c:731:6:AT_Send	32	static
../Core/Src/ESP.c:854:6:ESP_WakeTest	24	static
../Core/Src/ESP.c:947:12:ESP_Upkeep	40	static
