../Core/Src/ESP.c:79:6:setCharges	8	static
../Core/Src/ESP.c:83:6:checkEEprom	16	static
../Core/Src/ESP.c:94:6:checkName	16	static
../Core/Src/ESP.c:105:6:ESP_GetHT	16	static
../Core/Src/ESP.c:109:6:setMeasurement	24	static
../Core/Src/ESP.c:114:6:setMic	16	static
../Core/Src/ESP.c:118:6:SetConfigMode	8	static
../Core/Src/ESP.c:140:6:ESP_GetUID	8	static
../Core/Src/ESP.c:145:6:ESP_Init	16	static
../Core/Src/ESP.c:152:13:ESP_Send	32	static
../Core/Src/ESP.c:160:13:ESP_Receive	32	static
../Core/Src/ESP.c:181:6:HAL_UART_ErrorCallback	16	static
../Core/Src/ESP.c:189:6:uint8ArrayToString	24	static
../Core/Src/ESP.c:196:10:CreateMessage	56	static
../Core/Src/ESP.c:267:6:StartProg	8	static
../Core/Src/ESP.c:279:10:ParseBuffer	344	static
../Core/Src/ESP.c:329:6:PollAwake	16	static
../Core/Src/ESP.c:339:6:RFPower	16	static
../Core/Src/ESP.c:349:6:CheckRFPower	16	static
../Core/Src/ESP.c:360:6:ATRestore	16	static
../Core/Src/ESP.c:370:6:CWINIT	16	static
../Core/Src/ESP.c:380:6:CWMODE1	16	static
../Core/Src/ESP.c:390:6:CWMODE2	16	static
../Core/Src/ESP.c:400:6:CWAUTOCONN	16	static
../Core/Src/ESP.c:410:6:CWJAP	160	dynamic
../Core/Src/ESP.c:427:6:CWMODE3	16	static
../Core/Src/ESP.c:437:6:CWSTATE	16	static
../Core/Src/ESP.c:447:6:CWSAP	16	static
../Core/Src/ESP.c:457:6:CIPMUX	16	static
../Core/Src/ESP.c:468:6:WEBSERVER	16	static
../Core/Src/ESP.c:479:6:HTTPCPOST	288	static
../Core/Src/ESP.c:501:6:SENDDATA	16	static
../Core/Src/ESP.c:510:6:SLEEP	16	static
../Core/Src/ESP.c:521:16:DMA_ProcessBuffer	32	static
../Core/Src/ESP.c:578:6:clearDMABuffer	8	static
../Core/Src/ESP.c:582:6:ATCompare	24	static
../Core/Src/ESP.c:596:6:AT_Send	32	static
../Core/Src/ESP.c:709:6:ESP_WakeTest	24	static
../Core/Src/ESP.c:802:12:ESP_Upkeep	24	static
