../Core/Src/ESP.c:84:6:forceNTPupdate	8	static
../Core/Src/ESP.c:87:6:setCharges	8	static
../Core/Src/ESP.c:91:6:checkEEprom	16	static
../Core/Src/ESP.c:102:6:checkName	16	static
../Core/Src/ESP.c:113:6:ESP_GetHT	16	static
../Core/Src/ESP.c:117:6:setMeasurement	24	static
../Core/Src/ESP.c:122:6:setMic	16	static
../Core/Src/ESP.c:126:6:SetConfigMode	8	static
../Core/Src/ESP.c:148:6:ESP_GetUID	8	static
../Core/Src/ESP.c:153:6:ESP_Init	16	static
../Core/Src/ESP.c:160:13:ESP_Send	32	static
../Core/Src/ESP.c:169:13:ESP_Receive	32	static
../Core/Src/ESP.c:190:6:HAL_UART_ErrorCallback	16	static
../Core/Src/ESP.c:197:6:uint8ArrayToString	24	static
../Core/Src/ESP.c:204:10:CreateMessage	56	static
../Core/Src/ESP.c:275:6:StartProg	8	static
../Core/Src/ESP.c:287:10:ParseBuffer	368	static
../Core/Src/ESP.c:356:6:PollAwake	16	static
../Core/Src/ESP.c:366:6:RFPower	16	static
../Core/Src/ESP.c:376:6:CheckRFPower	16	static
../Core/Src/ESP.c:387:6:ATRestore	16	static
../Core/Src/ESP.c:397:6:CWINIT	16	static
../Core/Src/ESP.c:407:6:CWMODE1	16	static
../Core/Src/ESP.c:417:6:CWMODE2	16	static
../Core/Src/ESP.c:427:6:CWAUTOCONN	16	static
../Core/Src/ESP.c:437:6:CWJAP	160	dynamic
../Core/Src/ESP.c:454:6:CWMODE3	16	static
../Core/Src/ESP.c:464:6:CWSTATE	16	static
../Core/Src/ESP.c:474:6:CWSAP	16	static
../Core/Src/ESP.c:484:6:CIPMUX	16	static
../Core/Src/ESP.c:495:6:WEBSERVER	16	static
../Core/Src/ESP.c:506:6:HTTPCPOST	288	static
../Core/Src/ESP.c:528:6:SENDDATA	16	static
../Core/Src/ESP.c:537:6:SLEEP	16	static
../Core/Src/ESP.c:547:6:CIPSNTPCFG	16	static
../Core/Src/ESP.c:558:6:CIPSNTPTIME	16	static
../Core/Src/ESP.c:568:6:CIPSNTPINTV	16	static
../Core/Src/ESP.c:579:16:DMA_ProcessBuffer	32	static
../Core/Src/ESP.c:637:6:clearDMABuffer	8	static
../Core/Src/ESP.c:641:6:ATCompare	24	static
../Core/Src/ESP.c:658:6:AT_Send	32	static
../Core/Src/ESP.c:781:6:ESP_WakeTest	24	static
../Core/Src/ESP.c:874:12:ESP_Upkeep	32	static
