../Core/Src/measurement.c:52:13:HT_StartMeasurementWrapper	8	static
../Core/Src/measurement.c:56:13:HT_IsMeasurementDoneWrapper	8	static
../Core/Src/measurement.c:60:13:VOC_StartMeasurementWrapper	8	static
../Core/Src/measurement.c:64:13:VOC_IsMeasurementDoneWrapper	8	static
../Core/Src/measurement.c:68:13:PM_StartMeasurementWrapper	8	static
../Core/Src/measurement.c:71:13:PM_IsMeasurementDoneWrapper	8	static
../Core/Src/measurement.c:75:13:MIC_IsMeasurementDoneWrapper	8	static
../Core/Src/measurement.c:79:6:MIC_IsTestMeasurementDoneWrapper	8	static
../Core/Src/measurement.c:82:6:setMeasStamp	16	static
../Core/Src/measurement.c:86:6:testInit	8	static
../Core/Src/measurement.c:92:6:Meas_Init	88	static
../Core/Src/measurement.c:139:6:StartMeasurements	8	static
../Core/Src/measurement.c:147:6:Meas_Test	8	static
../Core/Src/measurement.c:170:6:ResetMeasurements	8	static
../Core/Src/measurement.c:180:6:MeasurementsCompleted	8	static
../Core/Src/measurement.c:194:17:Mic_Upkeep	32	static
../Core/Src/measurement.c:263:18:Meas_Upkeep	32	static
../Core/Src/measurement.c:316:7:getTemperature	16	static
../Core/Src/measurement.c:321:7:getHumidity	16	static
../Core/Src/measurement.c:326:6:Meas_SetEnabledSensors	32	static
../Core/Src/measurement.c:335:13:Meas_TurnOff	16	static
../Core/Src/measurement.c:344:6:SetESPMeasurementDone	8	static
../Core/Src/measurement.c:348:6:Meas_DeInit	16	static
