../Core/Src/RealTimeClock.c:31:6:showTime	88	static
../Core/Src/RealTimeClock.c:41:6:setBootTime	32	static
../Core/Src/RealTimeClock.c:48:6:UpdateSystemUptime	40	static
../Core/Src/RealTimeClock.c:70:9:aBuff2int	32	static
../Core/Src/RealTimeClock.c:99:6:ParseTime	64	static
../Core/Src/RealTimeClock.c:123:6:RTC_SetTime	16	static
../Core/Src/RealTimeClock.c:135:6:RTC_SetDate	16	static
../Core/Src/RealTimeClock.c:143:6:RTC_GetTime	16	static
../Core/Src/RealTimeClock.c:152:9:RTC_GetWeekday	32	static
../Core/Src/RealTimeClock.c:159:10:getPosixTime	32	static
../Core/Src/RealTimeClock.c:166:6:getUTCfromPosixTime	72	static
../Core/Src/RealTimeClock.c:178:6:RTC_SetAlarm	64	static
../Core/Src/RealTimeClock.c:211:6:RTC_SetWakeUpTimer	16	static
../Core/Src/RealTimeClock.c:232:6:Enter_Standby_Mode	8	static
../Core/Src/RealTimeClock.c:247:6:Enter_Stop_Mode	24	static
../Core/Src/RealTimeClock.c:280:6:InitClock	16	static
../Core/Src/RealTimeClock.c:291:10:makeTime	24	static
../Core/Src/RealTimeClock.c:322:6:breakPosixTime	48	static
