../Core/Src/RealTimeClock.c:22:9:aBuff2int	32	static
../Core/Src/RealTimeClock.c:51:6:ParseTime	64	static
../Core/Src/RealTimeClock.c:69:6:RTC_SetTime	48	static
../Core/Src/RealTimeClock.c:87:6:InitClock	16	static
../Core/Src/RealTimeClock.c:92:6:RTC_GetTime	56	static
../Core/Src/RealTimeClock.c:105:6:RTC_SetDate	32	static
../Core/Src/RealTimeClock.c:120:6:RTC_GetDate	32	static
../Core/Src/RealTimeClock.c:136:6:RTC_SetAlarm	64	static
../Core/Src/RealTimeClock.c:156:6:RTC_SetWakeUpTimer	16	static
../Core/Src/RealTimeClock.c:168:6:Enter_Standby_Mode	8	static
../Core/Src/RealTimeClock.c:177:6:Enter_Stop_Mode	8	static
