../Core/Src/sen5x_i2c.c:47:9:sen5x_start_measurement	24	static
../Core/Src/sen5x_i2c.c:61:9:sen5x_start_measurement_without_pm	24	static
../Core/Src/sen5x_i2c.c:75:9:sen5x_stop_measurement	24	static
../Core/Src/sen5x_i2c.c:89:9:sen5x_read_data_ready	40	static
../Core/Src/sen5x_i2c.c:110:9:sen5x_read_measured_values	72	static
../Core/Src/sen5x_i2c.c:144:9:sen5x_read_measured_raw_values	56	static
../Core/Src/sen5x_i2c.c:170:9:sen5x_read_measured_values_sen50	72	static
../Core/Src/sen5x_i2c.c:190:9:sen5x_read_measured_pm_values	80	static
../Core/Src/sen5x_i2c.c:230:9:sen5x_start_fan_cleaning	24	static
../Core/Src/sen5x_i2c.c:244:9:sen5x_set_temperature_offset_parameters	48	static
../Core/Src/sen5x_i2c.c:266:9:sen5x_get_temperature_offset_parameters	56	static
../Core/Src/sen5x_i2c.c:291:9:sen5x_set_warm_start_parameter	48	static
../Core/Src/sen5x_i2c.c:308:9:sen5x_get_warm_start_parameter	40	static
../Core/Src/sen5x_i2c.c:329:9:sen5x_set_voc_algorithm_tuning_parameters	56	static
../Core/Src/sen5x_i2c.c:359:9:sen5x_get_voc_algorithm_tuning_parameters	64	static
../Core/Src/sen5x_i2c.c:389:9:sen5x_set_nox_algorithm_tuning_parameters	56	static
../Core/Src/sen5x_i2c.c:419:9:sen5x_get_nox_algorithm_tuning_parameters	64	static
../Core/Src/sen5x_i2c.c:449:9:sen5x_set_rht_acceleration_mode	48	static
../Core/Src/sen5x_i2c.c:465:9:sen5x_get_rht_acceleration_mode	40	static
../Core/Src/sen5x_i2c.c:486:9:sen5x_set_voc_algorithm_state	56	static
../Core/Src/sen5x_i2c.c:504:9:sen5x_get_voc_algorithm_state	48	static
../Core/Src/sen5x_i2c.c:525:9:sen5x_set_fan_auto_cleaning_interval	48	static
../Core/Src/sen5x_i2c.c:541:9:sen5x_get_fan_auto_cleaning_interval	48	static
../Core/Src/sen5x_i2c.c:562:9:sen5x_get_product_name	88	static
../Core/Src/sen5x_i2c.c:584:9:sen5x_get_serial_number	88	static
../Core/Src/sen5x_i2c.c:606:9:sen5x_get_version	56	static
../Core/Src/sen5x_i2c.c:636:9:sen5x_read_device_status	48	static
../Core/Src/sen5x_i2c.c:657:9:sen5x_read_and_clear_device_status	48	static
../Core/Src/sen5x_i2c.c:678:9:sen5x_device_reset	24	static
