../Core/Src/sen5x.c:29:6:setsen5xReadTimer	16	static
../Core/Src/sen5x.c:33:6:enable_sen5x	16	static
../Core/Src/sen5x.c:47:6:sen5x_Power_On	8	static
../Core/Src/sen5x.c:55:6:sen5x_Power_Off	8	static
../Core/Src/sen5x.c:62:6:reset_fanCleaningDone	8	static
../Core/Src/sen5x.c:66:9:probe_sen5x	128	static
../Core/Src/sen5x.c:150:9:sen5x_lightup_measurement	24	static
../Core/Src/sen5x.c:161:9:sen5x_extinguish_measurement	24	static
../Core/Src/sen5x.c:172:9:sen5x_read_measurement	72	static
../Core/Src/sen5x.c:203:9:sen5x_measurement	16	static
../Core/Src/sen5x.c:238:6:sensirion_i2c_hal_free	8	static
../Core/Src/sen5x.c:254:8:sensirion_i2c_hal_read	32	static
../Core/Src/sen5x.c:270:8:sensirion_i2c_hal_write	32	static
../Core/Src/sen5x.c:281:6:sensirion_i2c_hal_sleep_usec	24	static
../Core/Src/sen5x.c:289:6:sen5x_check_for_errors	16	static
../Core/Src/sen5x.c:321:6:set_light_on_state	8	static
../Core/Src/sen5x.c:330:6:sen5x_statemachine	32	static
