C:/Users/itsme/STM32Cube/Repository/STM32Cube_FW_L0_V1.12.2/Drivers/CMSIS/Include/core_cm0plus.h:741:22:__NVIC_EnableIRQ	16	static
C:/Users/itsme/STM32Cube/Repository/STM32Cube_FW_L0_V1.12.2/Drivers/CMSIS/Include/core_cm0plus.h:777:22:__NVIC_DisableIRQ	16	static,ignoring_inline_asm
../Core/Src/sound_measurement.c:92:6:getSoundData	48	static,ignoring_inline_asm
../Core/Src/sound_measurement.c:164:6:soundInit	24	static
../Core/Src/sound_measurement.c:178:6:clearMaximumAmplitude	8	static
../Core/Src/sound_measurement.c:187:13:startMicSettlingPeriod	8	static
../Core/Src/sound_measurement.c:202:6:micSettlingComplete	16	static
../Core/Src/sound_measurement.c:219:6:enableMicrophone	16	static
../Core/Src/sound_measurement.c:258:6:startSPLcalculation	8	static
../Core/Src/sound_measurement.c:275:6:HAL_I2S_RxHalfCpltCallback	16	static
../Core/Src/sound_measurement.c:283:6:HAL_I2S_RxCpltCallback	16	static
../Core/Src/sound_measurement.c:289:13:processHalfDMAbuffer	16	static
../Core/Src/sound_measurement.c:310:6:HAL_I2S_ErrorCallback	16	static
../Core/Src/sound_measurement.c:321:13:calculateSPLQ31	224	static
../Core/Src/sound_measurement.c:447:13:resetSPLstate	16	static
../Core/Src/sound_measurement.c:464:17:getFilteredMaxAmplitudeQ31	80	static
