../Core/Src/statusCheck.c:19:6:InitDone	8	static
../Core/Src/statusCheck.c:23:16:batteryChargeCheck	16	static
../Core/Src/statusCheck.c:41:6:SetStatusLED	24	static
../Core/Src/statusCheck.c:49:6:SetDBLED	24	static
../Core/Src/statusCheck.c:58:6:SetVocLED	24	static
../Core/Src/statusCheck.c:65:6:SetMeasurementIndicator	8	static
../Core/Src/statusCheck.c:70:6:ResetMeasurementIndicator	8	static
../Core/Src/statusCheck.c:75:6:SetMICIndicator	8	static
../Core/Src/statusCheck.c:80:6:ResetMICIndicator	8	static
../Core/Src/statusCheck.c:85:6:SetESPIndicator	8	static
../Core/Src/statusCheck.c:90:6:ResetESPIndicator	8	static
../Core/Src/statusCheck.c:97:6:SetLEDsOff	8	static
../Core/Src/statusCheck.c:104:16:powerCheck	24	static
../Core/Src/statusCheck.c:115:6:powerDisplay	16	static
../Core/Src/statusCheck.c:134:6:configCheck	8	static
../Core/Src/statusCheck.c:165:6:GoToSleep	16	static
../Core/Src/statusCheck.c:174:6:Status_Upkeep	8	static
../Core/Src/statusCheck.c:178:16:Battery_Upkeep	24	static
