../Core/Src/statusCheck.c:19:6:InitDone	8	static
../Core/Src/statusCheck.c:38:16:batteryChargeCheck	16	static
../Core/Src/statusCheck.c:56:6:SetStatusLED	24	static
../Core/Src/statusCheck.c:64:6:SetDBLED	24	static
../Core/Src/statusCheck.c:73:6:SetVocLED	24	static
../Core/Src/statusCheck.c:80:6:SetMeasurementIndicator	8	static
../Core/Src/statusCheck.c:85:6:ResetMeasurementIndicator	8	static
../Core/Src/statusCheck.c:90:6:SetMICIndicator	8	static
../Core/Src/statusCheck.c:95:6:ResetMICIndicator	8	static
../Core/Src/statusCheck.c:100:6:SetESPIndicator	8	static
../Core/Src/statusCheck.c:105:6:ResetESPIndicator	8	static
../Core/Src/statusCheck.c:112:6:SetLEDsOff	8	static
../Core/Src/statusCheck.c:119:16:powerCheck	24	static
../Core/Src/statusCheck.c:130:6:powerDisplay	16	static
../Core/Src/statusCheck.c:149:6:configCheck	8	static
../Core/Src/statusCheck.c:180:6:GoToSleep	16	static
../Core/Src/statusCheck.c:191:6:Status_Upkeep	8	static
../Core/Src/statusCheck.c:195:16:Battery_Upkeep	24	static
../Core/Src/statusCheck.c:203:6:setuserToggle	8	static
