../Core/Src/statusCheck.c:20:6:InitDone	8	static
../Core/Src/statusCheck.c:31:16:batteryChargeCheck	16	static
../Core/Src/statusCheck.c:49:6:SetStatusLED	24	static
../Core/Src/statusCheck.c:57:6:SetDBLED	24	static
../Core/Src/statusCheck.c:66:6:SetVocLED	24	static
../Core/Src/statusCheck.c:73:6:SetMeasurementIndicator	8	static
../Core/Src/statusCheck.c:78:6:ResetMeasurementIndicator	8	static
../Core/Src/statusCheck.c:83:6:SetMICIndicator	8	static
../Core/Src/statusCheck.c:88:6:ResetMICIndicator	8	static
../Core/Src/statusCheck.c:93:6:SetESPIndicator	8	static
../Core/Src/statusCheck.c:98:6:ResetESPIndicator	8	static
../Core/Src/statusCheck.c:105:6:SetLEDsOff	8	static
../Core/Src/statusCheck.c:112:16:powerCheck	24	static
../Core/Src/statusCheck.c:123:6:powerDisplay	16	static
../Core/Src/statusCheck.c:142:6:configCheck	8	static
../Core/Src/statusCheck.c:173:6:GoToSleep	16	static
../Core/Src/statusCheck.c:184:6:Status_Upkeep	8	static
../Core/Src/statusCheck.c:188:16:Battery_Upkeep	24	static
