../Core/Src/wsenHIDS.c:29:13:ReadRegister	24	static
../Core/Src/wsenHIDS.c:36:13:WriteRegister	24	static
../Core/Src/wsenHIDS.c:43:16:CalculateCRC	24	static
../Core/Src/wsenHIDS.c:65:6:HIDS_EnableHeater	16	static
../Core/Src/wsenHIDS.c:72:6:HIDS_Init	16	static
../Core/Src/wsenHIDS.c:81:6:HIDS_StartMeasurement	8	static
../Core/Src/wsenHIDS.c:87:6:HIDS_SetMeasurementDuration	16	static
../Core/Src/wsenHIDS.c:91:6:HIDS_SetHeaterMode	16	static
../Core/Src/wsenHIDS.c:95:13:CheckCRC	32	static
../Core/Src/wsenHIDS.c:118:6:HIDS_DeviceConnected	24	static
../Core/Src/wsenHIDS.c:130:6:HIDS_SetMeasurementMode	16	static
../Core/Src/wsenHIDS.c:134:6:HIDS_MeasurementReady	8	static
../Core/Src/wsenHIDS.c:138:6:HIDS_SoftReset	16	static
../Core/Src/wsenHIDS.c:143:6:ShowHumidity	8	static
../Core/Src/wsenHIDS.c:172:6:HIDS_GetMeasurementValues	40	static
