../USB_DEVICE/App/usbd_cdc_if.c:153:15:CDC_Init_FS	8	static
../USB_DEVICE/App/usbd_cdc_if.c:167:15:CDC_DeInit_FS	8	static
../USB_DEVICE/App/usbd_cdc_if.c:181:15:CDC_Control_FS	16	static
../USB_DEVICE/App/usbd_cdc_if.c:262:15:CDC_Receive_FS	16	static
../USB_DEVICE/App/usbd_cdc_if.c:290:9:CDC_Transmit_FS	32	static
../USB_DEVICE/App/usbd_cdc_if.c:305:6:EnableESPProg	8	static
../USB_DEVICE/App/usbd_cdc_if.c:308:6:DisbableESPProg	8	static
../USB_DEVICE/App/usbd_cdc_if.c:311:6:CDC_Set_UART	16	static
../USB_DEVICE/App/usbd_cdc_if.c:316:10:GetUsbRxPointer	8	static
../USB_DEVICE/App/usbd_cdc_if.c:321:6:ResetUsbRxDataSize	8	static
../USB_DEVICE/App/usbd_cdc_if.c:328:10:GetUsbRxDataSize	8	static
../USB_DEVICE/App/usbd_cdc_if.c:333:6:GetUsbRxNextChunk	16	static
